2026-02-23T07:02:07: ▲ Next.js 16.1.2
2026-02-23T07:02:07: - Local:         http://localhost:3001
2026-02-23T07:02:07: - Network:       http://72.61.208.109:3001
2026-02-23T07:02:07: 
2026-02-23T07:02:07: ✓ Starting...
2026-02-23T07:02:27: ▲ Next.js 16.1.2
2026-02-23T07:02:27: - Local:         http://localhost:3001
2026-02-23T07:02:27: - Network:       http://72.61.208.109:3001
2026-02-23T07:02:27: 
2026-02-23T07:02:27: ✓ Starting...
2026-02-23T07:02:49: ▲ Next.js 16.1.2
2026-02-23T07:02:49: - Local:         http://localhost:3001
2026-02-23T07:02:49: - Network:       http://72.61.208.109:3001
2026-02-23T07:02:49: 
2026-02-23T07:02:49: ✓ Starting...
2026-02-23T07:03:10: ▲ Next.js 16.1.2
2026-02-23T07:03:10: - Local:         http://localhost:3001
2026-02-23T07:03:10: - Network:       http://72.61.208.109:3001
2026-02-23T07:03:10: 
2026-02-23T07:03:10: ✓ Starting...
2026-02-23T07:03:32: ▲ Next.js 16.1.2
2026-02-23T07:03:32: - Local:         http://localhost:3001
2026-02-23T07:03:32: - Network:       http://72.61.208.109:3001
2026-02-23T07:03:32: 
2026-02-23T07:03:32: ✓ Starting...
2026-02-23T07:03:53: ▲ Next.js 16.1.2
2026-02-23T07:03:53: - Local:         http://localhost:3001
2026-02-23T07:03:53: - Network:       http://72.61.208.109:3001
2026-02-23T07:03:53: 
2026-02-23T07:03:53: ✓ Starting...
2026-02-23T07:04:16: ▲ Next.js 16.1.2
2026-02-23T07:04:16: - Local:         http://localhost:3001
2026-02-23T07:04:16: - Network:       http://72.61.208.109:3001
2026-02-23T07:04:16: 
2026-02-23T07:04:16: ✓ Starting...
2026-02-23T07:04:31: ✓ Ready in 18.1s
2026-02-23T07:05:46: ▲ Next.js 16.1.2
2026-02-23T07:05:46: - Local:         http://localhost:3031
2026-02-23T07:05:46: - Network:       http://72.61.208.109:3031
2026-02-23T07:05:46: 
2026-02-23T07:05:46: ✓ Starting...
2026-02-23T07:06:06: ✓ Ready in 22.5s
